// Jest Snapshot v1, https://goo.gl/fbAQLP

exports[`Header component renders UI correctly 1`] = `
<div
  className="Header"
>
  <a
    className="Header-title"
    href="/"
    onClick={[Function]}
  >
    Indie Corner
  </a>
</div>
`;
